images/AlbumUsers/cleanphotovietnam/img_0916.jpg
images/AlbumUsers/cleanphotovietnam/img_0919.jpg
images/AlbumUsers/cleanphotovietnam/img_0923.jpg
images/AlbumUsers/cleanphotovietnam/img_0931.jpg
images/AlbumUsers/cleanphotovietnam/img_0932.jpg
images/AlbumUsers/cleanphotovietnam/img_0934.jpg
images/AlbumUsers/cleanphotovietnam/img_0940.jpg
images/AlbumUsers/cleanphotovietnam/img_0943.jpg
images/AlbumUsers/cleanphotovietnam/img_0953.jpg
images/AlbumUsers/cleanphotovietnam/img_0994.jpg
images/AlbumUsers/cleanphotovietnam/img_0995.jpg
images/AlbumUsers/cleanphotovietnam/img_1002.jpg
images/AlbumUsers/cleanphotovietnam/img_1019.jpg
images/AlbumUsers/cleanphotovietnam/img_1027.jpg
images/AlbumUsers/cleanphotovietnam/img_1030.jpg
images/AlbumUsers/cleanphotovietnam/img_1035.jpg
images/AlbumUsers/cleanphotovietnam/img_1038.jpg
images/AlbumUsers/cleanphotovietnam/img_1057.jpg
images/AlbumUsers/cleanphotovietnam/img_1065.jpg
images/AlbumUsers/cleanphotovietnam/img_1067.jpg
images/AlbumUsers/cleanphotovietnam/img_1071.jpg
images/AlbumUsers/cleanphotovietnam/img_1078.jpg
images/AlbumUsers/cleanphotovietnam/img_1084.jpg
images/AlbumUsers/cleanphotovietnam/img_1099.jpg
images/AlbumUsers/cleanphotovietnam/img_1106.jpg
images/AlbumUsers/cleanphotovietnam/img_1112.jpg
images/AlbumUsers/cleanphotovietnam/img_1124.jpg
images/AlbumUsers/cleanphotovietnam/img_1144.jpg
images/AlbumUsers/cleanphotovietnam/img_1147.jpg
images/AlbumUsers/cleanphotovietnam/img_1160.jpg
images/AlbumUsers/cleanphotovietnam/img_1175.jpg
images/AlbumUsers/cleanphotovietnam/img_1183.jpg
images/AlbumUsers/cleanphotovietnam/img_1185.jpg
images/AlbumUsers/cleanphotovietnam/img_1194.jpg
images/AlbumUsers/cleanphotovietnam/img_1227.jpg
images/AlbumUsers/cleanphotovietnam/img_1237.jpg
images/AlbumUsers/cleanphotovietnam/img_1260.jpg
images/AlbumUsers/cleanphotovietnam/img_1264.jpg
images/AlbumUsers/cleanphotovietnam/img_1284.jpg
images/AlbumUsers/cleanphotovietnam/img_1293.jpg
images/AlbumUsers/cleanphotovietnam/img_1304.jpg
images/AlbumUsers/cleanphotovietnam/img_1315.jpg
images/AlbumUsers/cleanphotovietnam/img_1321.jpg
images/AlbumUsers/cleanphotovietnam/img_1333.jpg
images/AlbumUsers/cleanphotovietnam/img_1380.jpg
images/AlbumUsers/cleanphotovietnam/img_1388.jpg
images/AlbumUsers/cleanphotovietnam/img_1404.jpg
images/AlbumUsers/cleanphotovietnam/img_1423.jpg
images/AlbumUsers/cleanphotovietnam/img_1441.jpg
images/AlbumUsers/cleanphotovietnam/img_1446.jpg
images/AlbumUsers/cleanphotovietnam/img_1447.jpg
images/AlbumUsers/cleanphotovietnam/img_1470.jpg
images/AlbumUsers/cleanphotovietnam/img_1498.jpg
images/AlbumUsers/cleanphotovietnam/img_1511.jpg
images/AlbumUsers/cleanphotovietnam/img_1514.jpg
images/AlbumUsers/cleanphotovietnam/img_1539.jpg
images/AlbumUsers/cleanphotovietnam/img_1547.jpg
images/AlbumUsers/cleanphotovietnam/img_1557.jpg
images/AlbumUsers/cleanphotovietnam/img_1567.jpg
images/AlbumUsers/cleanphotovietnam/img_1574.jpg
images/AlbumUsers/cleanphotovietnam/img_1575.jpg
images/AlbumUsers/cleanphotovietnam/img_1592.jpg
images/AlbumUsers/cleanphotovietnam/img_1607.jpg
images/AlbumUsers/cleanphotovietnam/img_1626.jpg
images/AlbumUsers/cleanphotovietnam/img_1658.jpg
images/AlbumUsers/cleanphotovietnam/img_1665.jpg
images/AlbumUsers/cleanphotovietnam/img_1666.jpg
images/AlbumUsers/cleanphotovietnam/img_1680.jpg
images/AlbumUsers/cleanphotovietnam/img_1692.jpg
images/AlbumUsers/cleanphotovietnam/img_1707.jpg
images/AlbumUsers/cleanphotovietnam/img_1724.jpg
images/AlbumUsers/cleanphotovietnam/img_1755.jpg
images/AlbumUsers/cleanphotovietnam/img_1786.jpg
images/AlbumUsers/cleanphotovietnam/img_1816.jpg
images/AlbumUsers/cleanphotovietnam/img_1820.jpg
images/AlbumUsers/cleanphotovietnam/img_1835.jpg
images/AlbumUsers/cleanphotovietnam/img_1869.jpg
images/AlbumUsers/cleanphotovietnam/img_1909.jpg
images/AlbumUsers/cleanphotovietnam/img_1965.jpg
images/AlbumUsers/cleanphotovietnam/img_1993.jpg
images/AlbumUsers/cleanphotovietnam/img_1994.jpg
images/AlbumUsers/cleanphotovietnam/img_1995.jpg
images/AlbumUsers/cleanphotovietnam/img_2021.jpg
images/AlbumUsers/cleanphotovietnam/img_2040.jpg
images/AlbumUsers/cleanphotovietnam/img_2055.jpg
images/AlbumUsers/cleanphotovietnam/img_2071.jpg
images/AlbumUsers/cleanphotovietnam/img_2081.jpg
images/AlbumUsers/cleanphotovietnam/img_2086.jpg
images/AlbumUsers/cleanphotovietnam/img_2090.jpg
images/AlbumUsers/cleanphotovietnam/img_2102.jpg
images/AlbumUsers/cleanphotovietnam/img_2109.jpg
images/AlbumUsers/cleanphotovietnam/img_2111.jpg
images/AlbumUsers/cleanphotovietnam/img_2119.jpg
images/AlbumUsers/cleanphotovietnam/img_2131.jpg
images/AlbumUsers/cleanphotovietnam/img_2159.jpg
images/AlbumUsers/cleanphotovietnam/img_2161.jpg
images/AlbumUsers/cleanphotovietnam/img_2165.jpg
images/AlbumUsers/cleanphotovietnam/img_2166.jpg
images/AlbumUsers/cleanphotovietnam/img_2177.jpg
images/AlbumUsers/cleanphotovietnam/img_2180.jpg
images/AlbumUsers/cleanphotovietnam/img_2209.jpg
images/AlbumUsers/cleanphotovietnam/img_2212.jpg
images/AlbumUsers/cleanphotovietnam/img_2216.jpg
images/AlbumUsers/cleanphotovietnam/img_2228.jpg
images/AlbumUsers/cleanphotovietnam/img_2229.jpg
images/AlbumUsers/cleanphotovietnam/img_2244.jpg
images/AlbumUsers/cleanphotovietnam/img_2245.jpg
images/AlbumUsers/cleanphotovietnam/img_2260.jpg
images/AlbumUsers/cleanphotovietnam/img_2265.jpg
images/AlbumUsers/cleanphotovietnam/img_2267.jpg
images/AlbumUsers/cleanphotovietnam/img_2270.jpg
images/AlbumUsers/cleanphotovietnam/img_2272.jpg
images/AlbumUsers/cleanphotovietnam/img_2273.jpg
images/AlbumUsers/cleanphotovietnam/img_2283.jpg
images/AlbumUsers/cleanphotovietnam/img_2284.jpg
images/AlbumUsers/cleanphotovietnam/img_2286.jpg
images/AlbumUsers/cleanphotovietnam/img_2299.jpg
images/AlbumUsers/cleanphotovietnam/img_2300.jpg
images/AlbumUsers/cleanphotovietnam/img_2327.jpg
images/AlbumUsers/cleanphotovietnam/img_2338.jpg
images/AlbumUsers/cleanphotovietnam/img_2341.jpg
images/AlbumUsers/cleanphotovietnam/img_2350.jpg
images/AlbumUsers/cleanphotovietnam/img_2373.jpg
images/AlbumUsers/cleanphotovietnam/img_2389.jpg
images/AlbumUsers/cleanphotovietnam/img_2401.jpg
images/AlbumUsers/cleanphotovietnam/img_2424.jpg
images/AlbumUsers/cleanphotovietnam/img_2428.jpg
images/AlbumUsers/cleanphotovietnam/img_2433.jpg
images/AlbumUsers/cleanphotovietnam/img_2438.jpg
images/AlbumUsers/cleanphotovietnam/img_2458.jpg
images/AlbumUsers/cleanphotovietnam/img_2506.jpg
images/AlbumUsers/cleanphotovietnam/img_2512.jpg
images/AlbumUsers/cleanphotovietnam/img_2523.jpg
images/AlbumUsers/cleanphotovietnam/img_2548.jpg
images/AlbumUsers/cleanphotovietnam/img_2550.jpg
images/AlbumUsers/cleanphotovietnam/img_2559.jpg
images/AlbumUsers/cleanphotovietnam/img_2567.jpg
images/AlbumUsers/cleanphotovietnam/img_2582.jpg
images/AlbumUsers/cleanphotovietnam/img_2583.jpg
images/AlbumUsers/cleanphotovietnam/img_2590.jpg
images/AlbumUsers/cleanphotovietnam/img_2602.jpg
images/AlbumUsers/cleanphotovietnam/img_2610.jpg
images/AlbumUsers/cleanphotovietnam/img_2613.jpg
images/AlbumUsers/cleanphotovietnam/img_2617.jpg
images/AlbumUsers/cleanphotovietnam/img_2623.jpg
images/AlbumUsers/cleanphotovietnam/img_2634.jpg
images/AlbumUsers/cleanphotovietnam/img_2642.jpg
images/AlbumUsers/cleanphotovietnam/img_2653.jpg
images/AlbumUsers/cleanphotovietnam/img_2659.jpg
images/AlbumUsers/cleanphotovietnam/img_2663.jpg
images/AlbumUsers/cleanphotovietnam/img_2668.jpg
images/AlbumUsers/cleanphotovietnam/img_2669.jpg
images/AlbumUsers/cleanphotovietnam/img_2679.jpg
images/AlbumUsers/cleanphotovietnam/img_2686.jpg
images/AlbumUsers/cleanphotovietnam/img_2692.jpg
images/AlbumUsers/cleanphotovietnam/img_2698.jpg
images/AlbumUsers/cleanphotovietnam/img_2702.jpg
images/AlbumUsers/cleanphotovietnam/img_2713.jpg
images/AlbumUsers/cleanphotovietnam/img_2717.jpg
images/AlbumUsers/cleanphotovietnam/img_2719.jpg
images/AlbumUsers/cleanphotovietnam/img_2724.jpg
images/AlbumUsers/cleanphotovietnam/img_2725.jpg
images/AlbumUsers/cleanphotovietnam/img_2727.jpg
images/AlbumUsers/cleanphotovietnam/img_2735.jpg
images/AlbumUsers/cleanphotovietnam/img_2741.jpg
images/AlbumUsers/cleanphotovietnam/img_2748.jpg
images/AlbumUsers/cleanphotovietnam/img_2751.jpg
images/AlbumUsers/cleanphotovietnam/img_2752.jpg
images/AlbumUsers/cleanphotovietnam/img_2753.jpg
images/AlbumUsers/cleanphotovietnam/img_2754.jpg
images/AlbumUsers/cleanphotovietnam/img_2761.jpg
images/AlbumUsers/cleanphotovietnam/img_2762.jpg
images/AlbumUsers/cleanphotovietnam/img_2774.jpg
images/AlbumUsers/cleanphotovietnam/img_2777.jpg
images/AlbumUsers/cleanphotovietnam/img_2802.jpg
