10000
1984
300
301 La Legende De Superplus Maximus
30 minutes maximum
40 Ans Toujours Puceau
$5 a Day
60 Secondes chrono
7 ans de seduction
88 minutes
A Cinderella Story
Agents Secrets
A Good Year
Ah ! si j étais riche
A la recherche du bonheur
Ali G Indahouse
All About Steve
Alvin et les Chipmunks 2
Amadeus
American Beauty
American Girls
American Pie
ANTHONY KAVANAGH
ApocalypseNow
Appelez moi Dave
Armageddon
Arnaques Crimes et Botanique
Arsene Lupin
Arthur 3 La Guerre Des Deux Mondes
Arthur Et Les Minimoys
Atlantide
Au bout de la nuit
Australia
A vos marques prets Charlie
Away We Go
Barbershop
Bigard Mon Psy Va Mieux
Blood Diamond
Born To Fight
Braquage a l Italienne
Braqueurs Amateurs
Bruce Tout Puissant
Burlesque
Burn After Reading
Camping 2
Canadian Pie
Capitalism A Love Story
Captain America  First Avenger
Case Depart
Cendrillon & le prince (pas trop) charmant
Centurion
Ce que veulent les femmes
Ce Soir Je Dors Chez Toi
Chaos
Charlie, les filles lui disent merci
Chasseurs De Dragons
Coco Avant Chanel
College Road Trip
Constantine
Crazy stupid love
Cube 2 hypercube
Dahlia Noir
Dans la peau de Jacques Chirac
DarkCity
Da Vinci Code
Day and Night
Death Race
Des Hommes Et Des Dieux
Dieu Est Grand, Je Suis Toute Petite
Dinner for Schmucks
DIRTY LOVE
District 9
Dodgeball
dogma
Donne Moi La Main
Donne-moi ta main
Doom
Dragon Rouge
Duelist
Elle est trop bien
En Bonne Compagnie
En cloque mode d emploi
enfermé dehors
Equilibrium
Eurotrip
Everyone Says I Love You
Fast and Furious 5
Fée Malgré Lui
Fermats Room
Fight Club
FIRST SUNDAY
florence foresti mother fucker
Food inc
Forrest Gump
Fous D Irène
Frangins malgré eux
Funerailles D Enfer
Funny People
Gabriel
Green Zone
H2g2 Le Guide Du Voyageur Galactique
Hackers
Hanté par ses ex
Hellboy 2
Hell
Hercule
Her Minor Secret
Hey Arnold
Hibernatus
HOME
Hors La Loi
Hot Tub Time Machine
Hypertension
Idiocraty
Il Ne Faut Jurer De Rien
I Love You, Man
Il reste du jambon
Insidious
Into The Wild
Intouchables
IOMEGA-LaBacheliere
Iron Man
Its Kind Of A Funny Story
Jason Bourne 3 La Vengeance dans la Peau
Jeanne d Arc
Je suis une legende
Je vais bien, ne t'en fais pas
Jumper
Jumping the Broom
juno
juste une fois
Karaté Kid
Kérity la maison des contes
Kill Bill 1
Kill Bill 2
Killer Elite
Kingdom Of Heaven
King Guillaume
Kiss and Kill
Kramer contre Kramer
La Défense Lincoln
La Dernière Tentation Du Christ
L’Age de la stupidité
La Guerre des Pères
La Haine
La Haut
la jungle
La loi et l'ordre
la momie 3
L Amour c est mieux à deux
La Passion Du Christ
La Personne Aux Deux Personnes
La Premiere Etoile
La Pr-inc-es-se Et La G-ren-oui-lle
L'Arme Fatale
L'Arnacoeur
L'arnaque
Lascars
La Tour Montparnasse Infernale
L'attaque du métro 123
La Verite si je mens 1
La Vie De David Gale
Le 51E Etat
Le Baiser Mortel Du Dragon
Le Baltringue
Le Boss
Le Chasseur de Primes
Le Dernier roi d'Ecosse
Le Dernier Samourai
le diner de con
Le fantôme de mon ex-fiancée
Leffet Papillon
Le Grand Bleu
Le Journal de Bridget Jones
Le Journal d une baby
L Elite De Brooklyn
Le Monde De Nemo
L Enquête The International
Leon
Le pari
Le pole express
Le Roi Arthur
Les bronzes font du ski
Les Derniers Jours Du Monde
Le Seigneur Des Anneaux 3 - Le Retour Du Roi
Le seminaire
Le Silencieux
Les insurgés
les lois de l attraction
Le sourire de Mona Lisa
Les Petits Mouchoirs
L expérience
L illusioniste
L Illusionniste
L Italien
Little Miss Sunshine
Love And Other Drugs
Love & the city
Machete
Madagascar Escape 2 Africa
Madagascar
Ma Prof Est Une BomBe
Marie Antoinette
Matrix
Mauvaise foi
Megamind
Mémoire D une Geisha
Mensonges d Etat
Mr&MrsSmith
New In Town
No Limit
Nos Amis Les Flics
Nos Amis Les Terriens
Orange mecanique
OSS 117 Le Caire nid d espions
OSS 117 Rio ne repond plus
Panique aux Funerailles
Paul
Persepolis
Pff Pff Pass
Pour Le Meilleur Et Pour Le Rire
Prédictions
Prince of Persia les sables du temps
Rango
Religolo
Rendez vous l été prochain
Requiem for a Dream
Robin des Bois
RTT
Salt
Saw I
Scarface
Shutter Island
Sinbad La Legende Des Septs Mers
Slevin
Slumdog Millionaire
spiderman 3
Summer Wars
S.W.A.T
Taken
Tente ta chance
Thank you for smoking
The 41 Year Old Virgin
The Artist
The Devils Double
The Expendables
The Girl Next Door
The Grudge 2
The Grudge
The Joneses
The Social Network
The Switch
The Ten
The Tourist
The weather man
The Worlds Greatest Dad
TiMER
Tout ce qui brille
Toy Boy
Twilight 3
Une famille très moderne
Un Prophète
valkyrie
Valse avec Bachir
Venus Noir
Very Bad Cops
Very Bad Things
Volt  Star Malgré Lui
Volver
Wall Street l argent ne dort jamais
X-Men Origins, Wolverine
You Again
Zodiac
Zoom
